make: Entering directory '/home/choidm/scripts/test'
cc -o example/example.exe example/example.c
make: Leaving directory '/home/choidm/scripts/test'
